{
  "data": {
    "id": "ABC",
    "type": "article",
    "attributes": {
      "number": 0,
      "published": false,
      "latest": false
    }
  }
}